// Jest Snapshot v1, https://goo.gl/fbAQLP

exports[`Footer renders 1`] = `
<footer
  class="footer footer-center p-2 text-base-content"
>
  <div>
    <p>
      <span>
        Made with ðŸ’– by 
      </span>
      <a
        class="link link-accent no-underline"
        href="https://cryogenicplanet.tech"
        target="_blank"
      >
        CryogenicPlanet
      </a>
      Â andÂ 
      <a
        class="link link-accent no-underline"
        href="https://github.com/wei/"
        target="_blank"
      >
        Wei
      </a>
    </p>
  </div>
</footer>
`;
