// Jest Snapshot v1, https://goo.gl/fbAQLP

exports[`Repo renders 1`] = `
<section
  className="jsx-2121123139"
>
  <form
    className="jsx-2121123139"
    onSubmit={[Function]}
  >
    <ForwardRef
      autoFocus={true}
      onChange={[Function]}
      placeholder="Enter GitHub repo"
      prefix={<ForwardRef(GithubOutlined) />}
      suffix={
        <Button
          htmlType="submit"
          type="primary"
        >
          Submit
        </Button>
      }
      value=""
    />
  </form>
  <JSXStyle
    id="2121123139"
  >
    section.jsx-2121123139{display:-webkit-box;display:-webkit-flex;display:-ms-flexbox;display:flex;-webkit-flex-direction:column;-ms-flex-direction:column;flex-direction:column;width:100%;height:100%;min-height:80vh;-webkit-box-pack:center;-webkit-justify-content:center;-ms-flex-pack:center;justify-content:center;-webkit-align-items:center;-webkit-box-align:center;-ms-flex-align:center;align-items:center;}form.jsx-2121123139{width:40vw;min-width:300px;}
  </JSXStyle>
</section>
`;
